// Jest Snapshot v1, https://goo.gl/fbAQLP

exports[`Probando GifItem Evaluar el snapshot de GifItem 1`] = `
<div>
  <div
    class="card"
  >
    <img
      alt="Saitama"
      src="https://saitama.com/saitama.jpg"
    />
    <p>
      Saitama
    </p>
  </div>
</div>
`;
