// Jest Snapshot v1, https://goo.gl/fbAQLP

exports[`Pruebas en GifExpertApp hola 1`] = `[Function]`;
